\! bash sql/delete.sh
###### DELETE COMMAND TEST-0001 ######
###### delete by date ######
try to delete the oldest backup
2
1
Number of deleted backups: 1
