\! bash sql/init.sh
###### INIT COMMAND TEST-0001 ######
###### success with archive_command ######
0
results/init/backup/
results/init/backup/backup/
results/init/backup/backup/pg_xlog/
results/init/backup/backup/srvlog/
results/init/backup/pg_rman.ini
results/init/backup/timeline_history/
###### INIT COMMAND TEST-0002 ######
###### success with archive_command and log_directory ######
0
results/init/backup/
results/init/backup/backup/
results/init/backup/backup/pg_xlog/
results/init/backup/backup/srvlog/
results/init/backup/pg_rman.ini
results/init/backup/timeline_history/
###### INIT COMMAND TEST-0003 ######
###### success without archive_command ######
WARNING: ARCLOG_PATH is not set because archive_command is empty.Please set ARCLOG_PATH in pg_rman.ini or environmental variable
0
results/init/backup/
results/init/backup/backup/
results/init/backup/backup/pg_xlog/
results/init/backup/backup/srvlog/
results/init/backup/pg_rman.ini
results/init/backup/timeline_history/
###### INIT COMMAND TEST-0004 ######
###### failure with backup catalog already existed ######
ERROR: backup catalog already exist. and it's not empty.
2

###### INIT COMMAND TEST-0005 ######
###### failure with backup catalog shoud be given as absolute path ######
ERROR: -B, --backup-path must be an absolute path
12

